Turbo Assembler	 Version 4.1	    03/11/20 15:48:02	    Page 1
memcmp.asm



      1	0000			     .model tiny
      2	0000			     .code
      3				     org 100h
      4
      5	0100			     start:
      6	0100  BE 011Fr				     lea si, msg
      7	0103  B9 0064			     mov cx, 100
      8	0106  BF 0125r			     lea di, msg1
      9	0109  E8 0001			     call memcmp
     10
     11	010C  C3				     ret
     12
     13	010D			     memcmp:
     14	010D			     memcmp_loop:
     15	010D  F3> A6						     repe cmpsb
     16	010F  7C 05						     jl	lower
     17	0111  7F 09						     jg	greater
     18	0113  EB 04 90						     jmp equal
     19	0116			     lower:
     20	0116  B0 FF						     mov al, -1
     21	0118  C3						     ret
     22	0119			     equal:
     23	0119  B0 00						     mov al, 0
     24	011B  C3						     ret
     25
     26	011C			     greater:
     27	011C  B0 01						     mov al, 1
     28	011E  C3						     ret
     29
     30
     31
     32	011F  48 45 4C 4C 4F 00	     msg db 'HELLO', 0h
     33	0125  57 4F 52 4C 44 00	     msg1 db 'WORLD', 0h
     34
     35
     36				     end start
Turbo Assembler	 Version 4.1	    03/11/20 15:48:02	    Page 2
Symbol Table




Symbol Name			  Type	 Value

??DATE				  Text	 "03/11/20"
??FILENAME			  Text	 "memcmp  "
??TIME				  Text	 "15:48:02"
??VERSION			  Number 040A
@32BIT				  Text	 0
@CODE				  Text	 DGROUP
@CODESIZE			  Text	 0
@CPU				  Text	 0101H
@CURSEG				  Text	 _TEXT
@DATA				  Text	 DGROUP
@DATASIZE			  Text	 0
@FILENAME			  Text	 MEMCMP
@INTERFACE			  Text	 000H
@MODEL				  Text	 1
@STACK				  Text	 DGROUP
@WORDSIZE			  Text	 2
EQUAL				  Near	 DGROUP:0119
GREATER				  Near	 DGROUP:011C
LOWER				  Near	 DGROUP:0116
MEMCMP				  Near	 DGROUP:010D
MEMCMP_LOOP			  Near	 DGROUP:010D
MSG				  Byte	 DGROUP:011F
MSG1				  Byte	 DGROUP:0125
START				  Near	 DGROUP:0100

Groups & Segments		  Bit Size Align  Combine Class

DGROUP				  Group
  _DATA				  16  0000 Word	  Public  DATA
  _TEXT				  16  012B Word	  Public  CODE
