Turbo Assembler	 Version 4.1	    03/11/20 16:59:04	    Page 1
strchr.asm



      1	0000			     .model tiny
      2	0000			     .code
      3				     org 100h
      4
      5	0100			     start:
      6					     ; Checking	if strchr works
      7	0100  BF 0129r				lea di,	msg
      8	0103  B0 5A			    mov	al, 'Z'
      9	0105  E8 0001			    call strchr
     10	0108  C3				ret
     11
     12
     13	0109			     strchr:
     14	0109  8A E0						     mov ah, al
     15	010B  57						     push di
     16
     17	010C  E8 000F						     call strlen
     18	010F  5F						     pop di
     19	0110  8A C4						     mov al, ah
     20	0112  F2> AE						     repne scasb
     21	0114  80 3D 0D						     cmp byte ptr ds:[di], 0dh
     22	0117  74 02						     je	not_found
     23	0119  4F						     dec di
     24	011A  C3						     ret
     25	011B			     not_found:
     26	011B  33 FF						     xor di, di
     27	011D  C3						     ret
     28
     29
     30	011E			     strlen:
     31	011E  33 C9						     xor cx, cx
     32	0120  B0 0D						     mov al, 0dh
     33
     34	0122			     loop_start:
     35	0122  AE						     scasb
     36	0123  74 03						     je	finish
     37	0125  41						     inc cx
     38	0126  EB FA						     jmp loop_start
     39	0128			     finish:
     40	0128  C3						     ret
     41
     42	0129  4C 49 5A 41 0D	     msg		     db	'LIZA',	0dh
     43
     44
     45				     end start
Turbo Assembler	 Version 4.1	    03/11/20 16:59:04	    Page 2
Symbol Table




Symbol Name			  Type	 Value

??DATE				  Text	 "03/11/20"
??FILENAME			  Text	 "strchr  "
??TIME				  Text	 "16:59:04"
??VERSION			  Number 040A
@32BIT				  Text	 0
@CODE				  Text	 DGROUP
@CODESIZE			  Text	 0
@CPU				  Text	 0101H
@CURSEG				  Text	 _TEXT
@DATA				  Text	 DGROUP
@DATASIZE			  Text	 0
@FILENAME			  Text	 STRCHR
@INTERFACE			  Text	 000H
@MODEL				  Text	 1
@STACK				  Text	 DGROUP
@WORDSIZE			  Text	 2
FINISH				  Near	 DGROUP:0128
LOOP_START			  Near	 DGROUP:0122
MSG				  Byte	 DGROUP:0129
NOT_FOUND			  Near	 DGROUP:011B
START				  Near	 DGROUP:0100
STRCHR				  Near	 DGROUP:0109
STRLEN				  Near	 DGROUP:011E

Groups & Segments		  Bit Size Align  Combine Class

DGROUP				  Group
  _DATA				  16  0000 Word	  Public  DATA
  _TEXT				  16  012E Word	  Public  CODE
