Turbo Assembler	 Version 4.1	    03/11/20 17:20:08	    Page 1
strcmp.asm



      1	0000			     .model tiny
      2	0000			     .code
      3				     org 100h
      4	0100			     start:
      5	0100  BE 012Er						     lea si, msg1
      6	0103  BF 013Ar						     lea di, msg2
      7	0106  E8 0001						     call strcmp
      8	0109  C3						     ret
      9
     10	010A			     strcmp:
     11	010A  57						     push di
     12	010B  8B FE						     mov di, si
     13	010D  E8 0013						     call strlen
     14	0110  5F						     pop di
     15
     16	0111  FC						     cld
     17	0112  F3> A6						     repe cmpsb
     18	0114  74 04						     je	same
     19	0116  7C 05						     jl	less
     20	0118  7F 06						     jg	greater
     21	011A			     same:
     22	011A  B0 00						     mov al, 0
     23	011C  C3						     ret
     24	011D			     less:
     25	011D  B0 FF						     mov al, -1
     26	011F  C3						     ret
     27	0120			     greater:
     28	0120  B0 01						     mov al, 1
     29	0122  C3						     ret
     30
     31
     32	0123			     strlen:
     33	0123  33 C9						     xor cx, cx
     34	0125  B0 0D						     mov al, 0dh
     35
     36	0127			     loop_start:
     37	0127  AE						     scasb
     38	0128  74 03						     je	finish
     39	012A  41						     inc cx
     40	012B  EB FA						     jmp loop_start
     41	012D			     finish:
     42	012D  C3						     ret
     43
     44
     45
     46	012E  68 65 6C 6C 6F 20	77+  msg1		     db	'hello world',0dh
     47	      6F 72 6C 64 0D
     48	013A  48 65 6C 6C 6F 20	77+  msg2		     db	'Hello world',0dh
     49	      6F 72 6C 64 0D
     50
     51				     end start
Turbo Assembler	 Version 4.1	    03/11/20 17:20:08	    Page 2
Symbol Table




Symbol Name			  Type	 Value

??DATE				  Text	 "03/11/20"
??FILENAME			  Text	 "strcmp  "
??TIME				  Text	 "17:20:08"
??VERSION			  Number 040A
@32BIT				  Text	 0
@CODE				  Text	 DGROUP
@CODESIZE			  Text	 0
@CPU				  Text	 0101H
@CURSEG				  Text	 _TEXT
@DATA				  Text	 DGROUP
@DATASIZE			  Text	 0
@FILENAME			  Text	 STRCMP
@INTERFACE			  Text	 000H
@MODEL				  Text	 1
@STACK				  Text	 DGROUP
@WORDSIZE			  Text	 2
FINISH				  Near	 DGROUP:012D
GREATER				  Near	 DGROUP:0120
LESS				  Near	 DGROUP:011D
LOOP_START			  Near	 DGROUP:0127
MSG1				  Byte	 DGROUP:012E
MSG2				  Byte	 DGROUP:013A
SAME				  Near	 DGROUP:011A
START				  Near	 DGROUP:0100
STRCMP				  Near	 DGROUP:010A
STRLEN				  Near	 DGROUP:0123

Groups & Segments		  Bit Size Align  Combine Class

DGROUP				  Group
  _DATA				  16  0000 Word	  Public  DATA
  _TEXT				  16  0146 Word	  Public  CODE
