Turbo Assembler	 Version 4.1	    03/11/20 17:36:52	    Page 1
strcpy.asm



      1	0000			     .model tiny
      2	0000			     .code
      3				     org 100h
      4
      5	0100			     start:
      6	0100  BF 011Fr					     lea di, msg1
      7	0103  BE 0124r					     lea si, msg2
      8
      9	0106			     strcpy:
     10	0106  57					     push di
     11	0107  8B FE					     mov di, si
     12	0109  E8 0008					     call strlen
     13	010C  5F					     pop di
     14
     15	010D			     cpy_loop_start:
     16	010D  A4					     movsb
     17	010E  80 3D 0D					     cmp byte ptr ds:[di], 0dh
     18	0111  75 FA					     jne cpy_loop_start
     19	0113  C3					     ret
     20
     21
     22
     23	0114			     strlen:
     24	0114  33 C9						     xor cx, cx
     25	0116  B0 0D						     mov al, 0dh
     26
     27	0118			     loop_start:
     28	0118  AE						     scasb
     29	0119  74 03						     je	finish
     30	011B  41						     inc cx
     31	011C  EB FA						     jmp loop_start
     32	011E			     finish:
     33	011E  C3						     ret
     34
     35
     36	011F  4C 49 5A 41 0D	     msg1		     db	'LIZA',	0dh
     37	0124  6C 6F 68 0D	     msg2		     db	'loh', 0dh
     38
     39				     end start
Turbo Assembler	 Version 4.1	    03/11/20 17:36:52	    Page 2
Symbol Table




Symbol Name			  Type	 Value

??DATE				  Text	 "03/11/20"
??FILENAME			  Text	 "strcpy  "
??TIME				  Text	 "17:36:52"
??VERSION			  Number 040A
@32BIT				  Text	 0
@CODE				  Text	 DGROUP
@CODESIZE			  Text	 0
@CPU				  Text	 0101H
@CURSEG				  Text	 _TEXT
@DATA				  Text	 DGROUP
@DATASIZE			  Text	 0
@FILENAME			  Text	 STRCPY
@INTERFACE			  Text	 000H
@MODEL				  Text	 1
@STACK				  Text	 DGROUP
@WORDSIZE			  Text	 2
CPY_LOOP_START			  Near	 DGROUP:010D
FINISH				  Near	 DGROUP:011E
LOOP_START			  Near	 DGROUP:0118
MSG1				  Byte	 DGROUP:011F
MSG2				  Byte	 DGROUP:0124
START				  Near	 DGROUP:0100
STRCPY				  Near	 DGROUP:0106
STRLEN				  Near	 DGROUP:0114

Groups & Segments		  Bit Size Align  Combine Class

DGROUP				  Group
  _DATA				  16  0000 Word	  Public  DATA
  _TEXT				  16  0128 Word	  Public  CODE
