Turbo Assembler	 Version 4.1	    03/11/20 16:31:55	    Page 1
strlen.asm



      1	0000			     .model tiny
      2	0000			     .code
      3				     org 100h
      4
      5	0100			     start:
      6	0100  BF 0113r						     lea di, msg
      7	0103  E8 0001						     call strlen
      8	0106  C3						     ret
      9
     10	0107			     strlen:
     11	0107  33 C9						     xor cx, cx
     12	0109  B0 0D						     mov al, 0dh
     13
     14	010B			     loop_start:
     15	010B  AE						     scasb
     16	010C  74 03						     je	finish
     17	010E  41						     inc cx
     18	010F  EB FA						     jmp loop_start
     19	0111			     finish:
     20	0111  49						     dec cx
     21	0112  C3						     ret
     22
     23
     24
     25	0113  4C 49 5A 5A 5A 5A	5A+  msg		     db	'LIZZZZZA"', 0dh
     26	      41 22 0D
     27
     28
     29				     end start
Turbo Assembler	 Version 4.1	    03/11/20 16:31:55	    Page 2
Symbol Table




Symbol Name			  Type	 Value

??DATE				  Text	 "03/11/20"
??FILENAME			  Text	 "strlen  "
??TIME				  Text	 "16:31:55"
??VERSION			  Number 040A
@32BIT				  Text	 0
@CODE				  Text	 DGROUP
@CODESIZE			  Text	 0
@CPU				  Text	 0101H
@CURSEG				  Text	 _TEXT
@DATA				  Text	 DGROUP
@DATASIZE			  Text	 0
@FILENAME			  Text	 STRLEN
@INTERFACE			  Text	 000H
@MODEL				  Text	 1
@STACK				  Text	 DGROUP
@WORDSIZE			  Text	 2
FINISH				  Near	 DGROUP:0111
LOOP_START			  Near	 DGROUP:010B
MSG				  Byte	 DGROUP:0113
START				  Near	 DGROUP:0100
STRLEN				  Near	 DGROUP:0107

Groups & Segments		  Bit Size Align  Combine Class

DGROUP				  Group
  _DATA				  16  0000 Word	  Public  DATA
  _TEXT				  16  011D Word	  Public  CODE
